







<html>
    <head>
        <title>Text Area Row Attribute Regression Test</title>        
    </head>
    <body>
        <textarea name="j_id_id16" rows="30"></textarea>
    </body>
</html>