<!--
 Copyright 2004 Sun Microsystems, Inc. All rights reserved.
 SUN PROPRIETARY/CONFIDENTIAL. Use is subject to license terms.
-->






<html>
<head>
<title>interweaving06</title>
</head>
<body>
<p>Begin test jsp:include without subview and iterator tag in included page</p>
<br />
<p><!--
 Copyright 2004 Sun Microsystems, Inc. All rights reserved.
 SUN PROPRIETARY/CONFIDENTIAL. Use is subject to license terms.
-->






  <br>
  
    Array[0]: 
    This component has no ID <br>
    <input type="text" name="j_id_id15pc2" value="This component has no ID " /><br>
  
    Array[1]: 
    This component has no ID <br>
    <input type="text" name="j_id_id15pc2j_id_1" value="This component has no ID " /><br>
  
    Array[2]: 
    This component has no ID <br>
    <input type="text" name="j_id_id15pc2j_id_2" value="This component has no ID " /><br>
  
    Array[3]: 
    This component has no ID <br>
    <input type="text" name="j_id_id15pc2j_id_3" value="This component has no ID " /><br>
  

</p>

<p>Text from interweaving06.jsp</p>
</p>End test jsp:include without subview and iterator tag in included page</p>
</body>
</html>

