





    <html>
        <body>
            
<form id="form" name="form" method="post" action="/jsf-systest/faces/interweaving09.jsp;jsessionid=b6c56e1112007b33b36de4d24f7d" enctype="application/x-www-form-urlencoded">
<input type="hidden" name="form" value="form" />
<input type="hidden" name="javax.faces.ViewState" id="javax.faces.ViewState" value="j_id27:j_id28" />
<table>
<tbody>
<tr>
<td>Value
                        
                                             
                        ciao
                        Value</td>
</tr>
</tbody>
</table>

</form>
        </body>
    </html>


