<HTML>

    
    

         
          <span id="simplelabel">Simple Label</span> 
       

</HTML>
