

<HTML>

    
    

       <span id="simplelabel">This IS A SIMPLE LABEL FROM THE CUSTOM RENDERER</span>

</HTML>


/renderkit03.jsp PASSED

