



Values from Components: <br />

exsting resource bundle, but non-existing key: ???bogusKey??? <br />


