


Value from Faces component is Value From ResourceBundle.
