<!--
 Copyright 2004 Sun Microsystems, Inc. All rights reserved.
 SUN PROPRIETARY/CONFIDENTIAL. Use is subject to license terms.
-->






<html>
<head>
<title>subview03</title>
</head>
<body>
<p>
Begin test &lt;c:include&gt; with subview tag in included page</p>

<p><!--
 Copyright 2004 Sun Microsystems, Inc. All rights reserved.
 SUN PROPRIETARY/CONFIDENTIAL. Use is subject to license terms.
-->





foo01
</p>

<p>subview03</p>

<p><!--
 Copyright 2004 Sun Microsystems, Inc. All rights reserved.
 SUN PROPRIETARY/CONFIDENTIAL. Use is subject to license terms.
-->





bar01
</p>

<p>End test &lt;c:include&gt; with subview tag in included page</p>
</body>
</html>

