

<!--
 Copyright 2004 Sun Microsystems, Inc. All rights reserved.
 SUN PROPRIETARY/CONFIDENTIAL. Use is subject to license terms.
-->






<html>
<head>
<title>subview06</title>
</head>
<body>
<p>Begin test &lt;c:import&gt; with iterator tag in imported page</p>

<br />
<p>

<!--
 Copyright 2004 Sun Microsystems, Inc. All rights reserved.
 SUN PROPRIETARY/CONFIDENTIAL. Use is subject to license terms.
-->







  <br>
  
    Array[0]: 
    This component has no ID <br>
    <input type="text" name="subviewOuter:subviewInner:j_id_id18pc2" value="This component has no ID " /><br>
  
    Array[1]: 
    This component has no ID <br>
    <input type="text" name="subviewOuter:subviewInner:j_id_id18pc2j_id_1" value="This component has no ID " /><br>
  
    Array[2]: 
    This component has no ID <br>
    <input type="text" name="subviewOuter:subviewInner:j_id_id18pc2j_id_2" value="This component has no ID " /><br>
  
    Array[3]: 
    This component has no ID <br>
    <input type="text" name="subviewOuter:subviewInner:j_id_id18pc2j_id_3" value="This component has no ID " /><br>
  



</p>


<p>Text from subview06.jsp</p>

<p>End test &lt;c:import&gt; with iterator tag in imported page</p>
</body>
</html>

