<!--
 Copyright 2004 Sun Microsystems, Inc. All rights reserved.
 SUN PROPRIETARY/CONFIDENTIAL. Use is subject to license terms.
-->






<html>
<head>
<title>subview05</title>
</head>
<body>
<p>Begin test jsp:include with subview and iterator tag in included page</p>
<br />
<p><!--
 Copyright 2004 Sun Microsystems, Inc. All rights reserved.
 SUN PROPRIETARY/CONFIDENTIAL. Use is subject to license terms.
-->







  <br>
  
    Array[0]: 
    This component has no ID <br>
    <input id="subviewInner:j_id_id17i0" type="text" name="subviewInner:j_id_id17i0" value="This component has no ID " /><br>
  
    Array[1]: 
    This component has no ID <br>
    <input id="subviewInner:j_id_id17i0j_id_1" type="text" name="subviewInner:j_id_id17i0j_id_1" value="This component has no ID " /><br>
  
    Array[2]: 
    This component has no ID <br>
    <input id="subviewInner:j_id_id17i0j_id_2" type="text" name="subviewInner:j_id_id17i0j_id_2" value="This component has no ID " /><br>
  
    Array[3]: 
    This component has no ID <br>
    <input id="subviewInner:j_id_id17i0j_id_3" type="text" name="subviewInner:j_id_id17i0j_id_3" value="This component has no ID " /><br>
  



</p>

<p>Text from subview05.jsp</p>
</p>End test jsp:include with subview and iterator tag in included page</p>
</body>
</html>

