<!DOCTYPE HTML PUBLIC "-//W3C//DTD HTML 4.01 Transitional//EN">
<html>
  <head>
    <title>f:attribute</title>
    
    
  </head>

  <body>
    <h1>f:attribute</h1>


    
      
    <span style="color: red">This Should Be Red</span>


  </body>
</html>
