
<html>
<head>


    <title>commandButton_param_test.jsp</title>
</head>
<body>


<form id="form01" name="form01" method="post" action="/jsf-systest/faces/taglib/commandButton_param_test.jsp" enctype="application/x-www-form-urlencoded">
<input type="hidden" name="form01" value="form01" />
<input type="hidden" name="javax.faces.ViewState" id="javax.faces.ViewState" value="j_id47:j_id48" />

<script type="text/javascript" language="Javascript">
<!--
function dpf(f) {var adp = f.adp;if (adp != null) {for (var i = 0;i < adp.length;i++) {f.removeChild(adp[i]);}}};function apf(f, pvp) {var adp = new Array();f.adp = adp;var i = 0;for (k in pvp) {var p = document.createElement("input");p.type = "hidden";p.name = k;p.value = pvp[k];f.appendChild(p);adp[i++] = p;}};function jsfcljs(f, pvp, t) {apf(f, pvp);var ft = f.target;if (t) {f.target = t;}f.submit();f.target = ft;dpf(f);};
//-->
</script>
<input id="form01:button01" type="submit" name="form01:button01" value="Label" onclick="if(typeof jsfcljs == 'function'){jsfcljs(document.getElementById('form01'),{'form01:button01':'form01:button01','testname':'testval'},'');}return false" />Test Link
        
        <p/>
        <input id="form01:button02" type="submit" name="form01:button02" value="Label" />Test Link
        <p/>
        <input id="form01:button03" type="submit" name="form01:button03" value="Label" onclick="if(typeof jsfcljs == 'function'){jsfcljs(document.getElementById('form01'),{'form01:button03':'form01:button03','testname2':'This is a String property'},'');}return false" />Test Link
        <p/>
        <input id="form01:button04" type="submit" name="form01:button04" value="Label" onclick="var a=function(){hello();};var b=function(){if(typeof jsfcljs == 'function'){jsfcljs(document.getElementById('form01'),{'form01:button04':'form01:button04','testname':'testval'},'');}return false};return (a()==false) ? false : b();" />Test Link
</form>
</body>
</html>