


<html>
<head>
    
    
    
    <title>command_button_test.jsp</title>
</head>
<body>
    
    
    
        <input type="submit" name="button01" value="My Label" size="0" tabindex="0" />
        <input type="reset" name="button02" value="This is a String property" size="0" tabindex="0" />
        <input type="submit" name="button03" value="RES-BUNDLE KEY" size="0" tabindex="0" />
        <input type="image" src="duke.gif" name="button04" size="0" tabindex="0" />
        <input type="image" src="resbundle_image.gif" name="button05" size="0" tabindex="0" />
    
</body>
</html>

