


<html>
<head>
    
    
    <title>commandButton_test.jsp</title>
</head>
<body>
    
    
    
<form id="form01" name="form01" method="post" action="/jsf-systest/faces/taglib/commandButton_test.jsp;jsessionid=b7ca922155d383885935e4ebf957" enctype="application/x-www-form-urlencoded">
<input type="hidden" name="form01" value="form01" />
<input type="hidden" name="javax.faces.ViewState" id="javax.faces.ViewState" value="j_id231:j_id232" />
<input id="form01:button01" type="submit" name="form01:button01" value="My Label" /><input id="form01:button02" type="reset" name="form01:button02" value="This is a String property" /><input id="form01:button03" type="submit" name="form01:button03" value="RES-BUNDLE KEY" /><input id="form01:button04" type="image" src="duke.gif;jsessionid=b7ca922155d383885935e4ebf957" name="form01:button04" /><input id="form01:button05" type="image" src="resbundle_image.gif;jsessionid=b7ca922155d383885935e4ebf957" name="form01:button05" />
</form>
</body>
</html>

