<!DOCTYPE HTML PUBLIC "-//W3C//DTD HTML 4.01 Transitional//EN">
<html>
  <head>
    <title>componentRef01.jsp</title>


 
 

  </head>
  <body>
      
          <input type="text" name="username" maxlength="32" size="20" /> 
      
