



<!DOCTYPE HTML PUBLIC "-//W3C//DTD HTML 4.01 Transitional//EN">
<html>
<head>
    <title>dtablecolumnclasses.jsp</title>
    <style type="text/css">
        .b1 {
            background-color: red;
        }

        .b2 {
            background-color: green;
        }

        .b3 {
            background-color: blue;
        }

        .b4 {
            background-color: burlywood;
        }
        .b5 {
            background-color: darkolivegreen;
        }
        .b6 {
            background-color: darkviolet;
        }
        .b7 {
            background-color: skyblue;
        }
    </style>
    
    


    
</head>
<body>
<table>
<tbody>
<tr>
<td class="b1">c1</td>
<td class="b2">c2</td>
<td>c3</td>
<td>c4</td>
<td>c5</td>
<td>c6</td>
</tr>
<tr>
<td class="b1">c1_1</td>
<td class="b2">c2_1</td>
<td>c3_1</td>
<td>c4_1</td>
<td>c5_1</td>
<td>c6_1</td>
</tr>
</tbody>
</table>
<table>
<tbody>
<tr>
<td class="b1">c1</td>
<td class="b2">c2</td>
<td class="b3">c3</td>
<td class="b4">c4</td>
<td>c5</td>
<td>c6</td>
</tr>
<tr>
<td class="b1">c1_1</td>
<td class="b2">c2_1</td>
<td class="b3">c3_1</td>
<td class="b4">c4_1</td>
<td>c5_1</td>
<td>c6_1</td>
</tr>
</tbody>
</table>
<table>
<tbody>
<tr>
<td class="b1">c1</td>
<td class="b2">c2</td>
<td class="b3">c3</td>
<td>c4</td>
<td>c5</td>
<td>c6</td>
</tr>
<tr>
<td class="b1">c1_1</td>
<td class="b2">c2_1</td>
<td class="b3">c3_1</td>
<td>c4_1</td>
<td>c5_1</td>
<td>c6_1</td>
</tr>
</tbody>
</table>
<table>
<tbody>
<tr>
<td class="b1">c1</td>
<td>c2</td>
<td>c3</td>
<td>c4</td>
<td>c5</td>
<td>c6</td>
</tr>
<tr>
<td class="b1">c1_1</td>
<td>c2_1</td>
<td>c3_1</td>
<td>c4_1</td>
<td>c5_1</td>
<td>c6_1</td>
</tr>
</tbody>
</table>
<table>
<tbody>
<tr>
<td>c1</td>
<td>c2</td>
<td>c3</td>
<td>c4</td>
<td>c5</td>
<td>c6</td>
</tr>
<tr>
<td>c1_1</td>
<td>c2_1</td>
<td>c3_1</td>
<td>c4_1</td>
<td>c5_1</td>
<td>c6_1</td>
</tr>
</tbody>
</table>
<table>
<tbody>
<tr>
<td class="b1">c1</td>
<td class="b2">c2</td>
<td class="b3">c3</td>
<td class="b4">c4</td>
<td class="b5">c5</td>
<td class="b6">c6</td>
</tr>
<tr>
<td class="b1">c1_1</td>
<td class="b2">c2_1</td>
<td class="b3">c3_1</td>
<td class="b4">c4_1</td>
<td class="b5">c5_1</td>
<td class="b6">c6_1</td>
</tr>
</tbody>
</table>
<table>
<tbody>
<tr>
<td class="b1">c1</td>
<td class="b2">c2</td>
<td class="b3">c3</td>
<td class="b4">c4</td>
<td>c5</td>
<td>c6</td>
</tr>
<tr>
<td class="b1">c1_1</td>
<td class="b2">c2_1</td>
<td class="b3">c3_1</td>
<td class="b4">c4_1</td>
<td>c5_1</td>
<td>c6_1</td>
</tr>
</tbody>
</table>
<table>
<tbody>
<tr>
<td>c1</td>
<td class="b2">c2</td>
<td>c3</td>
<td>c4</td>
<td class="b4">c5</td>
<td class="b5">c6</td>
</tr>
<tr>
<td>c1_1</td>
<td class="b2">c2_1</td>
<td>c3_1</td>
<td>c4_1</td>
<td class="b4">c5_1</td>
<td class="b5">c6_1</td>
</tr>
</tbody>
</table>

</body>
</html>


