<!DOCTYPE HTML PUBLIC "-//W3C//DTD HTML 4.01 Transitional//EN">
<html>
  <head>
    <title>messages01.jsp</title>



    
    

<STYLE TYPE="text/css" MEDIA=screen>
<!--
.errors { 
  background-color: #7171A5;
  border: 5px outset #71A5A5;
  border-collapse: collapse;
  font-family: sans-serif;
  font-size: 14pt;
  padding: 10px;
}
-->
</STYLE>
  </head>

  <body>




<span class="errors">	Validation Error: Value is required. </span><span class="errors">	Validation Error: Specified attribute cannot be converted to proper type. </span> 





  </body>
</html>
