<!DOCTYPE HTML PUBLIC "-//W3C//DTD HTML 4.01 Transitional//EN">
<html>
  <head>
    <title>Print out the names of the current Factories</title>
    
    
  </head>

  <body>
    <h1>Print out the names of the current Factories</h1>

<form id="_id_id15" name="_id_id15" method="post" action="/jsf-systest/faces/factoryFinder.jsp;jsessionid=BB1958668B43924439AD5ABCFED3A3F6" enctype="application/x-www-form-urlencoded">
ApplicationFactoryWrapper FacesContextFactoryWrapper LifecycleFactoryWrapper RenderKitFactoryWrapper <input type="hidden" name="javax.faces.ViewState" id="javax.faces.ViewState" value="_id3:_id4" /><input type="hidden" name="_id_id15" value="_id_id15" /></form>

    <hr>
  </body>
</html>
