<HTML>

    
    

       <span id="simplelabel">Simple Label</span>

</HTML>
/renderkit02.jsp PASSED

