



Values from Components: <br />

resourceBundle01: Value From ResourceBundle <br />

non existing resourceBundle:  <br />

resourceBundle03: Value from ResourceBundle03 <br />


