<!--
 Copyright 2004 Sun Microsystems, Inc. All rights reserved.
 SUN PROPRIETARY/CONFIDENTIAL. Use is subject to license terms.
-->






<html>
<head>
<title>subview06</title>
</head>
<body>
Begin test &lt;c:import&gt; with iterator tag in imported page
<br>

  <br>
  
    Array[0]: 
    This component has no ID <br>
  
    Array[1]: 
    This component has no ID <br>
  
    Array[2]: 
    This component has no ID <br>
  
    Array[3]: 
    This component has no ID <br>
  

Text from subview06.jspEnd test &lt;c:import&gt; with iterator tag in imported page



</body>
</html>

